// Jest Snapshot v1, https://goo.gl/fbAQLP

exports[`Component Checkbox: snapshot 1`] = `
<div>
  <input
    class="input"
    id=":r0:"
    type="checkbox"
  />
  <label
    class="label"
    for=":r0:"
  >
    <span
      class="checked"
    >
      Svg Icon - checked
    </span>
    <span>
      Checkbox
    </span>
  </label>
</div>
`;
