// Jest Snapshot v1, https://goo.gl/fbAQLP

exports[`<InputPassword> snapshot 1`] = `
<div>
  <div
    class="wrapper"
  >
    <input
      class="input indentRight fullWidth"
      type="password"
    />
    <div
      class="endAdornment"
    >
      <button
        aria-label="Hide password"
        class="button"
        type="button"
      >
        Svg Icon - eyeClose
      </button>
    </div>
  </div>
</div>
`;
